{
  "aio": {
    "master": {
      "uncompressed": {
        "runtime-es2015": 2987,
        "main-es2015": 452129,
        "polyfills-es2015": 52195
      }
    }
  },
  "aio-local": {
    "master": {
      "uncompressed": {
        "runtime-es2015": 2987,
        "main-es2015": 452876,
        "polyfills-es2015": 52195
      }
    }
  },
  "aio-local-viewengine": {
    "master": {
      "uncompressed": {
        "runtime-es2015": 3097,
        "main-es2015": 429897,
        "polyfills-es2015": 52195
      }
    }
  }
}
